// Jest Snapshot v1, https://goo.gl/fbAQLP

exports[`<NotFoundPage /> Render must match async 1`] = `<div />`;

exports[`<NotFoundPage /> Render must match regular 1`] = `
<div>
  <div
    class="alert"
  >
    <div
      class="flash-messages"
    >
      <div
        class="flash flash-error"
      >
        <mock-file
          aria-hidden="true"
          classname="mr-2"
          height="16"
          role="img"
          style="display: inline-block; fill: currentColor; user-select: none; vertical-align: text-bottom;"
          viewbox="0 0 16 16"
          width="16"
        />
        No match for route. Return to 
        <div>
          some link
        </div>
      </div>
    </div>
  </div>
</div>
`;
